#
# There is insufficient memory for the Java Runtime Environment to continue.
# Native memory allocation (malloc) failed to allocate 2487704 bytes. Error detail: Chunk::new
# Possible reasons:
#   The system is out of physical RAM or swap space
#   This process is running with CompressedOops enabled, and the Java Heap may be blocking the growth of the native heap
# Possible solutions:
#   Reduce memory load on the system
#   Increase physical memory or swap space
#   Check if swap backing store is full
#   Decrease Java heap size (-Xmx/-Xms)
#   Decrease number of Java threads
#   Decrease Java thread stack sizes (-Xss)
#   Set larger code cache with -XX:ReservedCodeCacheSize=
#   JVM is running with Zero Based Compressed Oops mode in which the Java heap is
#     placed in the first 32GB address space. The Java Heap base address is the
#     maximum limit for the native heap growth. Please use -XX:HeapBaseMinAddress
#     to set the Java Heap base and to place the Java Heap above 32GB virtual address.
# This output file may be truncated or incomplete.
#
#  Out of Memory Error (arena.cpp:186), pid=15712, tid=18492
#
# JRE version: OpenJDK Runtime Environment Temurin-25.0.3+9 (25.0.3+9) (build 25.0.3+9-LTS)
# Java VM: OpenJDK 64-Bit Server VM Temurin-25.0.3+9 (25.0.3+9-LTS, mixed mode, sharing, tiered, compressed oops, compressed class ptrs, g1 gc, windows-amd64)
# No core dump will be written. Minidumps are not enabled by default on client versions of Windows
#

---------------  S U M M A R Y ------------

Command Line: --enable-native-access=ALL-UNNAMED -Dclassworlds.conf=C:\Users\Ibrahim\.m2\wrapper\dists\apache-maven-3.9.16\0daed3be3ebd1c706f0e69e8b07c6b73f5cc4ea3dfce72a8d0ec2e849ca2ddb0\bin\m2.conf -Dmaven.home=C:\Users\Ibrahim\.m2\wrapper\dists\apache-maven-3.9.16\0daed3be3ebd1c706f0e69e8b07c6b73f5cc4ea3dfce72a8d0ec2e849ca2ddb0 -Dlibrary.jansi.path=C:\Users\Ibrahim\.m2\wrapper\dists\apache-maven-3.9.16\0daed3be3ebd1c706f0e69e8b07c6b73f5cc4ea3dfce72a8d0ec2e849ca2ddb0\lib\jansi-native -Dmaven.multiModuleProjectDirectory=C:\Users\Ibrahim\Desktop\java projects\inventory-management org.codehaus.plexus.classworlds.launcher.Launcher spring-boot:run

Host: Intel(R) Core(TM) i5-6300U CPU @ 2.40GHz, 4 cores, 15G,  Windows 10 , 64 bit Build 19041 (10.0.19041.5915)
Time: Thu Sep  3 16:41:07 2026 Pakistan Standard Time elapsed time: 1.823371 seconds (0d 0h 0m 1s)

---------------  T H R E A D  ---------------

Current thread (0x000001f2842a24e0):  JavaThread "C2 CompilerThread1" daemon [_thread_in_native, id=18492, stack(0x0000001eb5700000,0x0000001eb5800000) (1024K)]


Current CompileTask:
C2:1823 1627       4       jdk.internal.jimage.ImageLocation::verify (218 bytes)

Stack: [0x0000001eb5700000,0x0000001eb5800000]
Native frames: (J=compiled Java code, j=interpreted, Vv=VM code, C=native code)
V  [jvm.dll+0x7aa709]  (no source info available)
V  [jvm.dll+0x7749ed]  (no source info available)
V  [jvm.dll+0x9f7433]  (no source info available)
V  [jvm.dll+0x9f9a21]  (no source info available)
V  [jvm.dll+0x9fa133]  (no source info available)
V  [jvm.dll+0x2fd266]  (no source info available)
V  [jvm.dll+0x1113c6]  (no source info available)
V  [jvm.dll+0x1116ee]  (no source info available)
V  [jvm.dll+0x1a0342]  (no source info available)
V  [jvm.dll+0x3b67e2]  (no source info available)
V  [jvm.dll+0x7b007c]  (no source info available)
V  [jvm.dll+0x2c0847]  (no source info available)
V  [jvm.dll+0x2bf80f]  (no source info available)
V  [jvm.dll+0x2374a0]  (no source info available)
V  [jvm.dll+0x2cf906]  (no source info available)
V  [jvm.dll+0x2cdb8a]  (no source info available)
V  [jvm.dll+0x49070e]  (no source info available)
V  [jvm.dll+0x99894d]  (no source info available)
V  [jvm.dll+0x7a8ce5]  (no source info available)
C  [ucrtbase.dll+0x21bb2]  (no source info available)
C  [KERNEL32.DLL+0x17374]  (no source info available)
C  [ntdll.dll+0x4cc91]  (no source info available)

Lock stack of current Java thread (top to bottom):


---------------  P R O C E S S  ---------------

Threads class SMR info:
_java_thread_list=0x000001f284887110, length=12, elements={
0x000001f2e2f10b80, 0x000001f2840cdb60, 0x000001f2840ce870, 0x000001f2840d3460,
0x000001f2840d4020, 0x000001f2840d5380, 0x000001f2840fac20, 0x000001f2840fff10,
0x000001f284100b20, 0x000001f28426cfd0, 0x000001f284279bd0, 0x000001f2842a24e0
}

Java Threads: ( => current thread )
  0x000001f2e2f10b80 JavaThread "main"                              [_thread_in_native, id=21528, stack(0x0000001eb4500000,0x0000001eb4600000) (1024K)]
  0x000001f2840cdb60 JavaThread "Reference Handler"          daemon [_thread_blocked, id=20284, stack(0x0000001eb4d00000,0x0000001eb4e00000) (1024K)]
  0x000001f2840ce870 JavaThread "Finalizer"                  daemon [_thread_blocked, id=12076, stack(0x0000001eb4e00000,0x0000001eb4f00000) (1024K)]
  0x000001f2840d3460 JavaThread "Signal Dispatcher"          daemon [_thread_blocked, id=20048, stack(0x0000001eb4f00000,0x0000001eb5000000) (1024K)]
  0x000001f2840d4020 JavaThread "Attach Listener"            daemon [_thread_blocked, id=20192, stack(0x0000001eb5000000,0x0000001eb5100000) (1024K)]
  0x000001f2840d5380 JavaThread "Service Thread"             daemon [_thread_blocked, id=21180, stack(0x0000001eb5100000,0x0000001eb5200000) (1024K)]
  0x000001f2840fac20 JavaThread "Monitor Deflation Thread"   daemon [_thread_blocked, id=22184, stack(0x0000001eb5200000,0x0000001eb5300000) (1024K)]
  0x000001f2840fff10 JavaThread "C2 CompilerThread0"         daemon [_thread_in_native, id=6616, stack(0x0000001eb5300000,0x0000001eb5400000) (1024K)]
  0x000001f284100b20 JavaThread "C1 CompilerThread0"         daemon [_thread_in_native, id=21236, stack(0x0000001eb5400000,0x0000001eb5500000) (1024K)]
  0x000001f28426cfd0 JavaThread "Notification Thread"        daemon [_thread_blocked, id=16724, stack(0x0000001eb5500000,0x0000001eb5600000) (1024K)]
  0x000001f284279bd0 JavaThread "Common-Cleaner"             daemon [_thread_blocked, id=16472, stack(0x0000001eb5600000,0x0000001eb5700000) (1024K)]
=>0x000001f2842a24e0 JavaThread "C2 CompilerThread1"         daemon [_thread_in_native, id=18492, stack(0x0000001eb5700000,0x0000001eb5800000) (1024K)]
Total: 12

Other Threads:
  0x000001f2840bc980 VMThread "VM Thread"                           [id=15668, stack(0x0000001eb4c00000,0x0000001eb4d00000) (1024K)]
  0x000001f2e51de900 WatcherThread "VM Periodic Task Thread"        [id=20112, stack(0x0000001eb4b00000,0x0000001eb4c00000) (1024K)]
  0x000001f2e51835d0 WorkerThread "GC Thread#0"                     [id=18720, stack(0x0000001eb4600000,0x0000001eb4700000) (1024K)]
  0x000001f289106c90 WorkerThread "GC Thread#1"                     [id=7664, stack(0x0000001eb5800000,0x0000001eb5900000) (1024K)]
  0x000001f2891070c0 WorkerThread "GC Thread#2"                     [id=18936, stack(0x0000001eb5900000,0x0000001eb5a00000) (1024K)]
  0x000001f289107d00 WorkerThread "GC Thread#3"                     [id=8892, stack(0x0000001eb5a00000,0x0000001eb5b00000) (1024K)]
  0x000001f2e519c540 ConcurrentGCThread "G1 Main Marker"            [id=14432, stack(0x0000001eb4700000,0x0000001eb4800000) (1024K)]
  0x000001f2e519d880 WorkerThread "G1 Conc#0"                       [id=19012, stack(0x0000001eb4800000,0x0000001eb4900000) (1024K)]
  0x000001f2e51d2410 ConcurrentGCThread "G1 Refine#0"               [id=11652, stack(0x0000001eb4900000,0x0000001eb4a00000) (1024K)]
  0x000001f2e51d2e20 ConcurrentGCThread "G1 Service"                [id=19808, stack(0x0000001eb4a00000,0x0000001eb4b00000) (1024K)]
Total: 10

Threads with active compile tasks:
C2 CompilerThread0  2004 1669       4       jdk.internal.module.SystemModuleFinders$SystemModuleReader::find (59 bytes)
C2 CompilerThread1  2004 1627       4       jdk.internal.jimage.ImageLocation::verify (218 bytes)
Total: 2

VM state: not at safepoint (normal execution)

VM Mutex/Monitor currently owned by a thread: None

Heap address: 0x0000000701e00000, size: 4066 MB, Compressed Oops mode: Zero based, Oop shift amount: 3

CDS archive(s) mapped at: [0x0000000022000000-0x0000000022dd0000-0x0000000022dd0000), size 14483456, SharedBaseAddress: 0x0000000022000000, ArchiveRelocationMode: 1.
Compressed class space mapped at: 0x0000000023000000-0x0000000063000000, reserved size: 1073741824
UseCompressedClassPointers 1, UseCompactObjectHeaders 0
Narrow klass pointer bits 32, Max shift 3
Narrow klass base: 0x0000000022000000, Narrow klass shift: 0
Encoding Range: [0x0000000022000000 - 0x0000000122000000), (4294967296 bytes)
Klass Range:    [0x0000000022010000 - 0x0000000063000000), (1090453504 bytes)
Klass ID Range:  [65536 - 1090519033) (1090453497)
Protection zone: [0x0000000022000000 - 0x0000000022010000), (65536 bytes)

GC Precious Log:
 CardTable entry size: 512
 Card Set container configuration: InlinePtr #cards 4 size 8 Array Of Cards #cards 16 size 48 Howl #buckets 8 coarsen threshold 3686 Howl Bitmap #cards 512 size 80 coarsen threshold 460 Card regions per heap region 1 cards per card region 4096
 CPUs: 4 total, 4 available
 Memory: 16263M
 Large Page Support: Disabled
 NUMA Support: Disabled
 Compressed Oops: Enabled (Zero based)
 Heap Region Size: 2M
 Heap Min Capacity: 8M
 Heap Initial Capacity: 256M
 Heap Max Capacity: 4066M
 Pre-touch: Disabled
 Parallel Workers: 4
 Concurrent Workers: 1
 Concurrent Refinement Workers: 4
 Periodic GC: Disabled

Heap:
 garbage-first heap   total reserved 4163584K, committed 264192K, used 16754K [0x0000000701e00000, 0x0000000800000000)
  region size 2048K, 9 young (18432K), 2 survivors (4096K)

Heap Regions: E=young(eden), S=young(survivor), O=old, HS=humongous(starts), HC=humongous(continues), CS=collection set, F=free, TAMS=top-at-mark-start, PB=parsable bottom
|   0|0x0000000701e00000, 0x0000000701e00000, 0x0000000702000000|  0%| F|  |TAMS 0x0000000701e00000| PB 0x0000000701e00000| Untracked |  0
|   1|0x0000000702000000, 0x0000000702000000, 0x0000000702200000|  0%| F|  |TAMS 0x0000000702000000| PB 0x0000000702000000| Untracked |  0
|   2|0x0000000702200000, 0x0000000702200000, 0x0000000702400000|  0%| F|  |TAMS 0x0000000702200000| PB 0x0000000702200000| Untracked |  0
|   3|0x0000000702400000, 0x0000000702400000, 0x0000000702600000|  0%| F|  |TAMS 0x0000000702400000| PB 0x0000000702400000| Untracked |  0
|   4|0x0000000702600000, 0x0000000702600000, 0x0000000702800000|  0%| F|  |TAMS 0x0000000702600000| PB 0x0000000702600000| Untracked |  0
|   5|0x0000000702800000, 0x0000000702800000, 0x0000000702a00000|  0%| F|  |TAMS 0x0000000702800000| PB 0x0000000702800000| Untracked |  0
|   6|0x0000000702a00000, 0x0000000702a00000, 0x0000000702c00000|  0%| F|  |TAMS 0x0000000702a00000| PB 0x0000000702a00000| Untracked |  0
|   7|0x0000000702c00000, 0x0000000702c00000, 0x0000000702e00000|  0%| F|  |TAMS 0x0000000702c00000| PB 0x0000000702c00000| Untracked |  0
|   8|0x0000000702e00000, 0x0000000702e00000, 0x0000000703000000|  0%| F|  |TAMS 0x0000000702e00000| PB 0x0000000702e00000| Untracked |  0
|   9|0x0000000703000000, 0x0000000703000000, 0x0000000703200000|  0%| F|  |TAMS 0x0000000703000000| PB 0x0000000703000000| Untracked |  0
|  10|0x0000000703200000, 0x0000000703200000, 0x0000000703400000|  0%| F|  |TAMS 0x0000000703200000| PB 0x0000000703200000| Untracked |  0
|  11|0x0000000703400000, 0x0000000703400000, 0x0000000703600000|  0%| F|  |TAMS 0x0000000703400000| PB 0x0000000703400000| Untracked |  0
|  12|0x0000000703600000, 0x0000000703600000, 0x0000000703800000|  0%| F|  |TAMS 0x0000000703600000| PB 0x0000000703600000| Untracked |  0
|  13|0x0000000703800000, 0x0000000703800000, 0x0000000703a00000|  0%| F|  |TAMS 0x0000000703800000| PB 0x0000000703800000| Untracked |  0
|  14|0x0000000703a00000, 0x0000000703a00000, 0x0000000703c00000|  0%| F|  |TAMS 0x0000000703a00000| PB 0x0000000703a00000| Untracked |  0
|  15|0x0000000703c00000, 0x0000000703c00000, 0x0000000703e00000|  0%| F|  |TAMS 0x0000000703c00000| PB 0x0000000703c00000| Untracked |  0
|  16|0x0000000703e00000, 0x0000000703e00000, 0x0000000704000000|  0%| F|  |TAMS 0x0000000703e00000| PB 0x0000000703e00000| Untracked |  0
|  17|0x0000000704000000, 0x0000000704000000, 0x0000000704200000|  0%| F|  |TAMS 0x0000000704000000| PB 0x0000000704000000| Untracked |  0
|  18|0x0000000704200000, 0x0000000704200000, 0x0000000704400000|  0%| F|  |TAMS 0x0000000704200000| PB 0x0000000704200000| Untracked |  0
|  19|0x0000000704400000, 0x0000000704400000, 0x0000000704600000|  0%| F|  |TAMS 0x0000000704400000| PB 0x0000000704400000| Untracked |  0
|  20|0x0000000704600000, 0x0000000704600000, 0x0000000704800000|  0%| F|  |TAMS 0x0000000704600000| PB 0x0000000704600000| Untracked |  0
|  21|0x0000000704800000, 0x0000000704800000, 0x0000000704a00000|  0%| F|  |TAMS 0x0000000704800000| PB 0x0000000704800000| Untracked |  0
|  22|0x0000000704a00000, 0x0000000704a00000, 0x0000000704c00000|  0%| F|  |TAMS 0x0000000704a00000| PB 0x0000000704a00000| Untracked |  0
|  23|0x0000000704c00000, 0x0000000704c00000, 0x0000000704e00000|  0%| F|  |TAMS 0x0000000704c00000| PB 0x0000000704c00000| Untracked |  0
|  24|0x0000000704e00000, 0x0000000704e00000, 0x0000000705000000|  0%| F|  |TAMS 0x0000000704e00000| PB 0x0000000704e00000| Untracked |  0
|  25|0x0000000705000000, 0x0000000705000000, 0x0000000705200000|  0%| F|  |TAMS 0x0000000705000000| PB 0x0000000705000000| Untracked |  0
|  26|0x0000000705200000, 0x0000000705200000, 0x0000000705400000|  0%| F|  |TAMS 0x0000000705200000| PB 0x0000000705200000| Untracked |  0
|  27|0x0000000705400000, 0x0000000705400000, 0x0000000705600000|  0%| F|  |TAMS 0x0000000705400000| PB 0x0000000705400000| Untracked |  0
|  28|0x0000000705600000, 0x0000000705600000, 0x0000000705800000|  0%| F|  |TAMS 0x0000000705600000| PB 0x0000000705600000| Untracked |  0
|  29|0x0000000705800000, 0x0000000705800000, 0x0000000705a00000|  0%| F|  |TAMS 0x0000000705800000| PB 0x0000000705800000| Untracked |  0
|  30|0x0000000705a00000, 0x0000000705a00000, 0x0000000705c00000|  0%| F|  |TAMS 0x0000000705a00000| PB 0x0000000705a00000| Untracked |  0
|  31|0x0000000705c00000, 0x0000000705c00000, 0x0000000705e00000|  0%| F|  |TAMS 0x0000000705c00000| PB 0x0000000705c00000| Untracked |  0
|  32|0x0000000705e00000, 0x0000000705e00000, 0x0000000706000000|  0%| F|  |TAMS 0x0000000705e00000| PB 0x0000000705e00000| Untracked |  0
|  33|0x0000000706000000, 0x0000000706000000, 0x0000000706200000|  0%| F|  |TAMS 0x0000000706000000| PB 0x0000000706000000| Untracked |  0
|  34|0x0000000706200000, 0x0000000706200000, 0x0000000706400000|  0%| F|  |TAMS 0x0000000706200000| PB 0x0000000706200000| Untracked |  0
|  35|0x0000000706400000, 0x0000000706400000, 0x0000000706600000|  0%| F|  |TAMS 0x0000000706400000| PB 0x0000000706400000| Untracked |  0
|  36|0x0000000706600000, 0x0000000706600000, 0x0000000706800000|  0%| F|  |TAMS 0x0000000706600000| PB 0x0000000706600000| Untracked |  0
|  37|0x0000000706800000, 0x0000000706800000, 0x0000000706a00000|  0%| F|  |TAMS 0x0000000706800000| PB 0x0000000706800000| Untracked |  0
|  38|0x0000000706a00000, 0x0000000706a00000, 0x0000000706c00000|  0%| F|  |TAMS 0x0000000706a00000| PB 0x0000000706a00000| Untracked |  0
|  39|0x0000000706c00000, 0x0000000706c00000, 0x0000000706e00000|  0%| F|  |TAMS 0x0000000706c00000| PB 0x0000000706c00000| Untracked |  0
|  40|0x0000000706e00000, 0x0000000706e00000, 0x0000000707000000|  0%| F|  |TAMS 0x0000000706e00000| PB 0x0000000706e00000| Untracked |  0
|  41|0x0000000707000000, 0x0000000707000000, 0x0000000707200000|  0%| F|  |TAMS 0x0000000707000000| PB 0x0000000707000000| Untracked |  0
|  42|0x0000000707200000, 0x0000000707200000, 0x0000000707400000|  0%| F|  |TAMS 0x0000000707200000| PB 0x0000000707200000| Untracked |  0
|  43|0x0000000707400000, 0x0000000707400000, 0x0000000707600000|  0%| F|  |TAMS 0x0000000707400000| PB 0x0000000707400000| Untracked |  0
|  44|0x0000000707600000, 0x0000000707600000, 0x0000000707800000|  0%| F|  |TAMS 0x0000000707600000| PB 0x0000000707600000| Untracked |  0
|  45|0x0000000707800000, 0x0000000707800000, 0x0000000707a00000|  0%| F|  |TAMS 0x0000000707800000| PB 0x0000000707800000| Untracked |  0
|  46|0x0000000707a00000, 0x0000000707a00000, 0x0000000707c00000|  0%| F|  |TAMS 0x0000000707a00000| PB 0x0000000707a00000| Untracked |  0
|  47|0x0000000707c00000, 0x0000000707c00000, 0x0000000707e00000|  0%| F|  |TAMS 0x0000000707c00000| PB 0x0000000707c00000| Untracked |  0
|  48|0x0000000707e00000, 0x0000000707e00000, 0x0000000708000000|  0%| F|  |TAMS 0x0000000707e00000| PB 0x0000000707e00000| Untracked |  0
|  49|0x0000000708000000, 0x0000000708000000, 0x0000000708200000|  0%| F|  |TAMS 0x0000000708000000| PB 0x0000000708000000| Untracked |  0
|  50|0x0000000708200000, 0x0000000708200000, 0x0000000708400000|  0%| F|  |TAMS 0x0000000708200000| PB 0x0000000708200000| Untracked |  0
|  51|0x0000000708400000, 0x0000000708400000, 0x0000000708600000|  0%| F|  |TAMS 0x0000000708400000| PB 0x0000000708400000| Untracked |  0
|  52|0x0000000708600000, 0x0000000708600000, 0x0000000708800000|  0%| F|  |TAMS 0x0000000708600000| PB 0x0000000708600000| Untracked |  0
|  53|0x0000000708800000, 0x0000000708800000, 0x0000000708a00000|  0%| F|  |TAMS 0x0000000708800000| PB 0x0000000708800000| Untracked |  0
|  54|0x0000000708a00000, 0x0000000708a00000, 0x0000000708c00000|  0%| F|  |TAMS 0x0000000708a00000| PB 0x0000000708a00000| Untracked |  0
|  55|0x0000000708c00000, 0x0000000708c00000, 0x0000000708e00000|  0%| F|  |TAMS 0x0000000708c00000| PB 0x0000000708c00000| Untracked |  0
|  56|0x0000000708e00000, 0x0000000708e00000, 0x0000000709000000|  0%| F|  |TAMS 0x0000000708e00000| PB 0x0000000708e00000| Untracked |  0
|  57|0x0000000709000000, 0x0000000709000000, 0x0000000709200000|  0%| F|  |TAMS 0x0000000709000000| PB 0x0000000709000000| Untracked |  0
|  58|0x0000000709200000, 0x0000000709200000, 0x0000000709400000|  0%| F|  |TAMS 0x0000000709200000| PB 0x0000000709200000| Untracked |  0
|  59|0x0000000709400000, 0x0000000709400000, 0x0000000709600000|  0%| F|  |TAMS 0x0000000709400000| PB 0x0000000709400000| Untracked |  0
|  60|0x0000000709600000, 0x0000000709600000, 0x0000000709800000|  0%| F|  |TAMS 0x0000000709600000| PB 0x0000000709600000| Untracked |  0
|  61|0x0000000709800000, 0x0000000709800000, 0x0000000709a00000|  0%| F|  |TAMS 0x0000000709800000| PB 0x0000000709800000| Untracked |  0
|  62|0x0000000709a00000, 0x0000000709a00000, 0x0000000709c00000|  0%| F|  |TAMS 0x0000000709a00000| PB 0x0000000709a00000| Untracked |  0
|  63|0x0000000709c00000, 0x0000000709c00000, 0x0000000709e00000|  0%| F|  |TAMS 0x0000000709c00000| PB 0x0000000709c00000| Untracked |  0
|  64|0x0000000709e00000, 0x0000000709e00000, 0x000000070a000000|  0%| F|  |TAMS 0x0000000709e00000| PB 0x0000000709e00000| Untracked |  0
|  65|0x000000070a000000, 0x000000070a000000, 0x000000070a200000|  0%| F|  |TAMS 0x000000070a000000| PB 0x000000070a000000| Untracked |  0
|  66|0x000000070a200000, 0x000000070a200000, 0x000000070a400000|  0%| F|  |TAMS 0x000000070a200000| PB 0x000000070a200000| Untracked |  0
|  67|0x000000070a400000, 0x000000070a400000, 0x000000070a600000|  0%| F|  |TAMS 0x000000070a400000| PB 0x000000070a400000| Untracked |  0
|  68|0x000000070a600000, 0x000000070a600000, 0x000000070a800000|  0%| F|  |TAMS 0x000000070a600000| PB 0x000000070a600000| Untracked |  0
|  69|0x000000070a800000, 0x000000070a800000, 0x000000070aa00000|  0%| F|  |TAMS 0x000000070a800000| PB 0x000000070a800000| Untracked |  0
|  70|0x000000070aa00000, 0x000000070aa00000, 0x000000070ac00000|  0%| F|  |TAMS 0x000000070aa00000| PB 0x000000070aa00000| Untracked |  0
|  71|0x000000070ac00000, 0x000000070ac00000, 0x000000070ae00000|  0%| F|  |TAMS 0x000000070ac00000| PB 0x000000070ac00000| Untracked |  0
|  72|0x000000070ae00000, 0x000000070ae00000, 0x000000070b000000|  0%| F|  |TAMS 0x000000070ae00000| PB 0x000000070ae00000| Untracked |  0
|  73|0x000000070b000000, 0x000000070b000000, 0x000000070b200000|  0%| F|  |TAMS 0x000000070b000000| PB 0x000000070b000000| Untracked |  0
|  74|0x000000070b200000, 0x000000070b200000, 0x000000070b400000|  0%| F|  |TAMS 0x000000070b200000| PB 0x000000070b200000| Untracked |  0
|  75|0x000000070b400000, 0x000000070b400000, 0x000000070b600000|  0%| F|  |TAMS 0x000000070b400000| PB 0x000000070b400000| Untracked |  0
|  76|0x000000070b600000, 0x000000070b600000, 0x000000070b800000|  0%| F|  |TAMS 0x000000070b600000| PB 0x000000070b600000| Untracked |  0
|  77|0x000000070b800000, 0x000000070b800000, 0x000000070ba00000|  0%| F|  |TAMS 0x000000070b800000| PB 0x000000070b800000| Untracked |  0
|  78|0x000000070ba00000, 0x000000070ba00000, 0x000000070bc00000|  0%| F|  |TAMS 0x000000070ba00000| PB 0x000000070ba00000| Untracked |  0
|  79|0x000000070bc00000, 0x000000070bc00000, 0x000000070be00000|  0%| F|  |TAMS 0x000000070bc00000| PB 0x000000070bc00000| Untracked |  0
|  80|0x000000070be00000, 0x000000070be00000, 0x000000070c000000|  0%| F|  |TAMS 0x000000070be00000| PB 0x000000070be00000| Untracked |  0
|  81|0x000000070c000000, 0x000000070c000000, 0x000000070c200000|  0%| F|  |TAMS 0x000000070c000000| PB 0x000000070c000000| Untracked |  0
|  82|0x000000070c200000, 0x000000070c200000, 0x000000070c400000|  0%| F|  |TAMS 0x000000070c200000| PB 0x000000070c200000| Untracked |  0
|  83|0x000000070c400000, 0x000000070c400000, 0x000000070c600000|  0%| F|  |TAMS 0x000000070c400000| PB 0x000000070c400000| Untracked |  0
|  84|0x000000070c600000, 0x000000070c600000, 0x000000070c800000|  0%| F|  |TAMS 0x000000070c600000| PB 0x000000070c600000| Untracked |  0
|  85|0x000000070c800000, 0x000000070c800000, 0x000000070ca00000|  0%| F|  |TAMS 0x000000070c800000| PB 0x000000070c800000| Untracked |  0
|  86|0x000000070ca00000, 0x000000070ca00000, 0x000000070cc00000|  0%| F|  |TAMS 0x000000070ca00000| PB 0x000000070ca00000| Untracked |  0
|  87|0x000000070cc00000, 0x000000070cc00000, 0x000000070ce00000|  0%| F|  |TAMS 0x000000070cc00000| PB 0x000000070cc00000| Untracked |  0
|  88|0x000000070ce00000, 0x000000070ce00000, 0x000000070d000000|  0%| F|  |TAMS 0x000000070ce00000| PB 0x000000070ce00000| Untracked |  0
|  89|0x000000070d000000, 0x000000070d000000, 0x000000070d200000|  0%| F|  |TAMS 0x000000070d000000| PB 0x000000070d000000| Untracked |  0
|  90|0x000000070d200000, 0x000000070d200000, 0x000000070d400000|  0%| F|  |TAMS 0x000000070d200000| PB 0x000000070d200000| Untracked |  0
|  91|0x000000070d400000, 0x000000070d400000, 0x000000070d600000|  0%| F|  |TAMS 0x000000070d400000| PB 0x000000070d400000| Untracked |  0
|  92|0x000000070d600000, 0x000000070d600000, 0x000000070d800000|  0%| F|  |TAMS 0x000000070d600000| PB 0x000000070d600000| Untracked |  0
|  93|0x000000070d800000, 0x000000070d800000, 0x000000070da00000|  0%| F|  |TAMS 0x000000070d800000| PB 0x000000070d800000| Untracked |  0
|  94|0x000000070da00000, 0x000000070da00000, 0x000000070dc00000|  0%| F|  |TAMS 0x000000070da00000| PB 0x000000070da00000| Untracked |  0
|  95|0x000000070dc00000, 0x000000070dc00000, 0x000000070de00000|  0%| F|  |TAMS 0x000000070dc00000| PB 0x000000070dc00000| Untracked |  0
|  96|0x000000070de00000, 0x000000070de00000, 0x000000070e000000|  0%| F|  |TAMS 0x000000070de00000| PB 0x000000070de00000| Untracked |  0
|  97|0x000000070e000000, 0x000000070e000000, 0x000000070e200000|  0%| F|  |TAMS 0x000000070e000000| PB 0x000000070e000000| Untracked |  0
|  98|0x000000070e200000, 0x000000070e200000, 0x000000070e400000|  0%| F|  |TAMS 0x000000070e200000| PB 0x000000070e200000| Untracked |  0
|  99|0x000000070e400000, 0x000000070e400000, 0x000000070e600000|  0%| F|  |TAMS 0x000000070e400000| PB 0x000000070e400000| Untracked |  0
| 100|0x000000070e600000, 0x000000070e600000, 0x000000070e800000|  0%| F|  |TAMS 0x000000070e600000| PB 0x000000070e600000| Untracked |  0
| 101|0x000000070e800000, 0x000000070e800000, 0x000000070ea00000|  0%| F|  |TAMS 0x000000070e800000| PB 0x000000070e800000| Untracked |  0
| 102|0x000000070ea00000, 0x000000070ea00000, 0x000000070ec00000|  0%| F|  |TAMS 0x000000070ea00000| PB 0x000000070ea00000| Untracked |  0
| 103|0x000000070ec00000, 0x000000070ec00000, 0x000000070ee00000|  0%| F|  |TAMS 0x000000070ec00000| PB 0x000000070ec00000| Untracked |  0
| 104|0x000000070ee00000, 0x000000070ee00000, 0x000000070f000000|  0%| F|  |TAMS 0x000000070ee00000| PB 0x000000070ee00000| Untracked |  0
| 105|0x000000070f000000, 0x000000070f000000, 0x000000070f200000|  0%| F|  |TAMS 0x000000070f000000| PB 0x000000070f000000| Untracked |  0
| 106|0x000000070f200000, 0x000000070f200000, 0x000000070f400000|  0%| F|  |TAMS 0x000000070f200000| PB 0x000000070f200000| Untracked |  0
| 107|0x000000070f400000, 0x000000070f400000, 0x000000070f600000|  0%| F|  |TAMS 0x000000070f400000| PB 0x000000070f400000| Untracked |  0
| 108|0x000000070f600000, 0x000000070f600000, 0x000000070f800000|  0%| F|  |TAMS 0x000000070f600000| PB 0x000000070f600000| Untracked |  0
| 109|0x000000070f800000, 0x000000070f800000, 0x000000070fa00000|  0%| F|  |TAMS 0x000000070f800000| PB 0x000000070f800000| Untracked |  0
| 110|0x000000070fa00000, 0x000000070fa00000, 0x000000070fc00000|  0%| F|  |TAMS 0x000000070fa00000| PB 0x000000070fa00000| Untracked |  0
| 111|0x000000070fc00000, 0x000000070fc00000, 0x000000070fe00000|  0%| F|  |TAMS 0x000000070fc00000| PB 0x000000070fc00000| Untracked |  0
| 112|0x000000070fe00000, 0x000000070ff38000, 0x0000000710000000| 60%| S|CS|TAMS 0x000000070fe00000| PB 0x000000070fe00000| Complete |  0
| 113|0x0000000710000000, 0x0000000710200000, 0x0000000710200000|100%| S|CS|TAMS 0x0000000710000000| PB 0x0000000710000000| Complete |  0
| 114|0x0000000710200000, 0x0000000710200000, 0x0000000710400000|  0%| F|  |TAMS 0x0000000710200000| PB 0x0000000710200000| Untracked |  0
| 115|0x0000000710400000, 0x0000000710400000, 0x0000000710600000|  0%| F|  |TAMS 0x0000000710400000| PB 0x0000000710400000| Untracked |  0
| 116|0x0000000710600000, 0x0000000710600000, 0x0000000710800000|  0%| F|  |TAMS 0x0000000710600000| PB 0x0000000710600000| Untracked |  0
| 117|0x0000000710800000, 0x0000000710800000, 0x0000000710a00000|  0%| F|  |TAMS 0x0000000710800000| PB 0x0000000710800000| Untracked |  0
| 118|0x0000000710a00000, 0x0000000710a00000, 0x0000000710c00000|  0%| F|  |TAMS 0x0000000710a00000| PB 0x0000000710a00000| Untracked |  0
| 119|0x0000000710c00000, 0x0000000710c00000, 0x0000000710e00000|  0%| F|  |TAMS 0x0000000710c00000| PB 0x0000000710c00000| Untracked |  0
| 120|0x0000000710e00000, 0x0000000710e00000, 0x0000000711000000|  0%| F|  |TAMS 0x0000000710e00000| PB 0x0000000710e00000| Untracked |  0
| 121|0x0000000711000000, 0x0000000711076e60, 0x0000000711200000| 23%| E|  |TAMS 0x0000000711000000| PB 0x0000000711000000| Complete |  0
| 122|0x0000000711200000, 0x0000000711400000, 0x0000000711400000|100%| E|CS|TAMS 0x0000000711200000| PB 0x0000000711200000| Complete |  0
| 123|0x0000000711400000, 0x0000000711600000, 0x0000000711600000|100%| E|CS|TAMS 0x0000000711400000| PB 0x0000000711400000| Complete |  0
| 124|0x0000000711600000, 0x0000000711800000, 0x0000000711800000|100%| E|CS|TAMS 0x0000000711600000| PB 0x0000000711600000| Complete |  0
| 125|0x0000000711800000, 0x0000000711a00000, 0x0000000711a00000|100%| E|CS|TAMS 0x0000000711800000| PB 0x0000000711800000| Complete |  0
| 126|0x0000000711a00000, 0x0000000711c00000, 0x0000000711c00000|100%| E|CS|TAMS 0x0000000711a00000| PB 0x0000000711a00000| Complete |  0
| 127|0x0000000711c00000, 0x0000000711e00000, 0x0000000711e00000|100%| E|CS|TAMS 0x0000000711c00000| PB 0x0000000711c00000| Complete |  0
|2032|0x00000007ffe00000, 0x00000007fff248e8, 0x0000000800000000| 57%| O|  |TAMS 0x00000007ffe00000| PB 0x00000007ffe00000| Untracked |  0

Card table byte_map: [0x000001f2fd440000,0x000001f2fdc40000] _byte_map_base: 0x000001f2f9c31000

Marking Bits: (CMBitMap*) 0x000001f2e5183d60
 Bits: [0x000001f280000000, 0x000001f283f88000)

Polling page: 0x000001f2e3180000

Metaspace:
Metaspace        used 7014K, committed 7168K, reserved 1114112K
 class space     used 856K, committed 960K, reserved 1048576K

Usage:
  Non-class:      6.01 MB used.
      Class:    856.64 KB used.
       Both:      6.85 MB used.

Virtual space:
  Non-class space:       64.00 MB reserved,       6.06 MB (  9%) committed,  1 nodes.
      Class space:        1.00 GB reserved,     960.00 KB ( <1%) committed,  1 nodes.
             Both:        1.06 GB reserved,       7.00 MB ( <1%) committed. 

Chunk freelists:
   Non-Class:  8.14 MB
       Class:  15.09 MB
        Both:  23.23 MB

MaxMetaspaceSize: unlimited
CompressedClassSpaceSize: 1.00 GB
Initial GC threshold: 21.00 MB
Current GC threshold: 21.00 MB
CDS: on
 - commit_granule_bytes: 65536.
 - commit_granule_words: 8192.
 - virtual_space_node_default_size: 8388608.
 - enlarge_chunks_in_place: 1.
UseCompressedClassPointers 1, UseCompactObjectHeaders 0
Narrow klass pointer bits 32, Max shift 3
Narrow klass base: 0x0000000022000000, Narrow klass shift: 0
Encoding Range: [0x0000000022000000 - 0x0000000122000000), (4294967296 bytes)
Klass Range:    [0x0000000022010000 - 0x0000000063000000), (1090453504 bytes)
Klass ID Range:  [65536 - 1090519033) (1090453497)
Protection zone: [0x0000000022000000 - 0x0000000022010000), (65536 bytes)


Internal statistics:

num_allocs_failed_limit: 0.
num_arena_births: 60.
num_arena_deaths: 0.
num_vsnodes_births: 2.
num_vsnodes_deaths: 0.
num_space_committed: 112.
num_space_uncommitted: 0.
num_chunks_returned_to_freelist: 0.
num_chunks_taken_from_freelist: 266.
num_chunk_merges: 0.
num_chunk_splits: 179.
num_chunks_enlarged: 153.
num_inconsistent_stats: 0.

CodeHeap 'non-profiled nmethods': size=120064Kb used=596Kb max_used=596Kb free=119467Kb
 bounds [0x000001f2f5700000, 0x000001f2f5970000, 0x000001f2fcc40000]
CodeHeap 'profiled nmethods': size=120064Kb used=2424Kb max_used=2424Kb free=117639Kb
 bounds [0x000001f2edc20000, 0x000001f2ede90000, 0x000001f2f5160000]
CodeHeap 'non-nmethods': size=5760Kb used=1350Kb max_used=1393Kb free=4409Kb
 bounds [0x000001f2f5160000, 0x000001f2f53d0000, 0x000001f2f5700000]
CodeCache: size=245888Kb, used=4370Kb, max_used=4413Kb, free=241515Kb
 total_blobs=2173, nmethods=1696, adapters=380, full_count=0
Compilation: enabled, stopped_count=0, restarted_count=0

Compilation events (20 events):
Event: 1.762 Thread 0x000001f284100b20 1637       3       sun.reflect.generics.parser.SignatureParser::markToCurrent (16 bytes)
Event: 1.762 Thread 0x000001f284100b20 nmethod 1637 0x000001f2ede64f88 code [0x000001f2ede65080, 0x000001f2ede65250]
Event: 1.768 Thread 0x000001f284100b20 1640       3       java.lang.String::<init> (74 bytes)
Event: 1.769 Thread 0x000001f284100b20 nmethod 1640 0x000001f2ede65288 code [0x000001f2ede65380, 0x000001f2ede65940]
Event: 1.769 Thread 0x000001f284100b20 1641       3       com.google.inject.Key::get (12 bytes)
Event: 1.770 Thread 0x000001f284100b20 nmethod 1641 0x000001f2ede65988 code [0x000001f2ede65a80, 0x000001f2ede66078]
Event: 1.770 Thread 0x000001f284100b20 1642       3       com.google.common.cache.LocalCache::expiresAfterWrite (15 bytes)
Event: 1.770 Thread 0x000001f284100b20 nmethod 1642 0x000001f2ede66108 code [0x000001f2ede66200, 0x000001f2ede66360]
Event: 1.773 Thread 0x000001f284100b20 1643       3       java.lang.Class::copyMethods (36 bytes)
Event: 1.774 Thread 0x000001f284100b20 nmethod 1643 0x000001f2ede66408 code [0x000001f2ede66500, 0x000001f2ede66c20]
Event: 1.775 Thread 0x000001f284100b20 1644       3       java.lang.StringLatin1::compareToCI (108 bytes)
Event: 1.775 Thread 0x000001f284100b20 nmethod 1644 0x000001f2ede66c88 code [0x000001f2ede66d80, 0x000001f2ede676e8]
Event: 1.777 Thread 0x000001f284100b20 1646       3       sun.reflect.generics.parser.SignatureParser::parsePackageNameAndSimpleClassTypeSignature (119 bytes)
Event: 1.778 Thread 0x000001f284100b20 nmethod 1646 0x000001f2ede67708 code [0x000001f2ede67800, 0x000001f2ede68560]
Event: 1.778 Thread 0x000001f284100b20 1645       3       sun.reflect.generics.parser.SignatureParser::parseClassTypeSignature (95 bytes)
Event: 1.780 Thread 0x000001f284100b20 nmethod 1645 0x000001f2ede68588 code [0x000001f2ede68680, 0x000001f2ede69c20]
Event: 1.780 Thread 0x000001f284100b20 1647       3       sun.reflect.generics.tree.SimpleClassTypeSignature::make (11 bytes)
Event: 1.781 Thread 0x000001f284100b20 nmethod 1647 0x000001f2ede69c88 code [0x000001f2ede69d80, 0x000001f2ede6a050]
Event: 1.781 Thread 0x000001f284100b20 1648       1       jdk.internal.loader.URLClassPath$JarLoader$1::getURL (5 bytes)
Event: 1.781 Thread 0x000001f284100b20 nmethod 1648 0x000001f2f578ac08 code [0x000001f2f578ad00, 0x000001f2f578adc8]

GC Heap Usage History (2 events):
Event: 1.377 {heap Before GC invocations=0 (full 0):
 garbage-first heap   total reserved 4163584K, committed 264192K, used 29842K [0x0000000701e00000, 0x0000000800000000)
  region size 2048K, 14 young (28672K), 0 survivors (0K)
}
Event: 1.385 {heap After GC invocations=1 (full 0):
 garbage-first heap   total reserved 4163584K, committed 264192K, used 4466K [0x0000000701e00000, 0x0000000800000000)
  region size 2048K, 2 young (4096K), 2 survivors (4096K)
}

Metaspace Usage History (2 events):
Event: 1.377 {metaspace Before GC invocations=0 (full 0):
 Metaspace       used 5742K, committed 5952K, reserved 1114112K
  class space    used 712K, committed 832K, reserved 1048576K
}
Event: 1.385 {metaspace After GC invocations=1 (full 0):
 Metaspace       used 5742K, committed 5952K, reserved 1114112K
  class space    used 712K, committed 832K, reserved 1048576K
}

Dll operation events (7 events):
Event: 0.011 Loaded shared library C:\Program Files\Eclipse Adoptium\jdk-25.0.3.9-hotspot\bin\java.dll
Event: 0.067 Loaded shared library C:\Program Files\Eclipse Adoptium\jdk-25.0.3.9-hotspot\bin\net.dll
Event: 0.070 Loaded shared library C:\Program Files\Eclipse Adoptium\jdk-25.0.3.9-hotspot\bin\nio.dll
Event: 0.078 Loaded shared library C:\Program Files\Eclipse Adoptium\jdk-25.0.3.9-hotspot\bin\zip.dll
Event: 0.438 Loaded shared library C:\Users\Ibrahim\.m2\wrapper\dists\apache-maven-3.9.16\0daed3be3ebd1c706f0e69e8b07c6b73f5cc4ea3dfce72a8d0ec2e849ca2ddb0\lib\jansi-native\Windows\x86_64\jansi.dll
Event: 0.449 Loaded shared library C:\Program Files\Eclipse Adoptium\jdk-25.0.3.9-hotspot\bin\jimage.dll
Event: 0.475 Loaded shared library C:\Program Files\Eclipse Adoptium\jdk-25.0.3.9-hotspot\bin\verify.dll

Deoptimization events (20 events):
Event: 1.436 Thread 0x000001f2e2f10b80 DEOPT PACKING pc=0x000001f2f575ddcc sp=0x0000001eb45fdec0
Event: 1.436 Thread 0x000001f2e2f10b80 DEOPT UNPACKING pc=0x000001f2f527f882 sp=0x0000001eb45fdd60 mode 2
Event: 1.467 Thread 0x000001f2e2f10b80 Uncommon trap: trap_request=0xffffff45 fr.pc=0x000001f2f5749d60 relative=0x0000000000000060
Event: 1.467 Thread 0x000001f2e2f10b80 Uncommon trap: reason=unstable_if action=reinterpret pc=0x000001f2f5749d60 method=java.lang.ref.ReferenceQueue.poll()Ljava/lang/ref/Reference; @ 4 c2
Event: 1.467 Thread 0x000001f2e2f10b80 DEOPT PACKING pc=0x000001f2f5749d60 sp=0x0000001eb45fd050
Event: 1.467 Thread 0x000001f2e2f10b80 DEOPT UNPACKING pc=0x000001f2f527f882 sp=0x0000001eb45fcf60 mode 2
Event: 1.467 Thread 0x000001f2e2f10b80 Uncommon trap: trap_request=0xffffff45 fr.pc=0x000001f2f573ee58 relative=0x0000000000000058
Event: 1.467 Thread 0x000001f2e2f10b80 Uncommon trap: reason=unstable_if action=reinterpret pc=0x000001f2f573ee58 method=java.lang.ref.ReferenceQueue.poll()Ljava/lang/ref/Reference; @ 4 c2
Event: 1.467 Thread 0x000001f2e2f10b80 DEOPT PACKING pc=0x000001f2f573ee58 sp=0x0000001eb45fcfe0
Event: 1.467 Thread 0x000001f2e2f10b80 DEOPT UNPACKING pc=0x000001f2f527f882 sp=0x0000001eb45fcf60 mode 2
Event: 1.682 Thread 0x000001f2e2f10b80 Uncommon trap: trap_request=0xffffff45 fr.pc=0x000001f2f5784d18 relative=0x0000000000000618
Event: 1.682 Thread 0x000001f2e2f10b80 Uncommon trap: reason=unstable_if action=reinterpret pc=0x000001f2f5784d18 method=java.lang.String.<init>([CIILjava/lang/Void;)V @ 5 c2
Event: 1.682 Thread 0x000001f2e2f10b80 DEOPT PACKING pc=0x000001f2f5784d18 sp=0x0000001eb45fdd60
Event: 1.682 Thread 0x000001f2e2f10b80 DEOPT UNPACKING pc=0x000001f2f527f882 sp=0x0000001eb45fdbe0 mode 2
Event: 1.693 Thread 0x000001f2e2f10b80 DEOPT PACKING pc=0x000001f2eddfd130 sp=0x0000001eb45fdf30
Event: 1.693 Thread 0x000001f2e2f10b80 DEOPT UNPACKING pc=0x000001f2f51b1702 sp=0x0000001eb45fd3a0 mode 0
Event: 1.764 Thread 0x000001f2e2f10b80 Uncommon trap: trap_request=0xffffff45 fr.pc=0x000001f2f577d874 relative=0x0000000000000274
Event: 1.764 Thread 0x000001f2e2f10b80 Uncommon trap: reason=unstable_if action=reinterpret pc=0x000001f2f577d874 method=java.lang.String.<init>([CIILjava/lang/Void;)V @ 5 c2
Event: 1.764 Thread 0x000001f2e2f10b80 DEOPT PACKING pc=0x000001f2f577d874 sp=0x0000001eb45fdc30
Event: 1.764 Thread 0x000001f2e2f10b80 DEOPT UNPACKING pc=0x000001f2f527f882 sp=0x0000001eb45fdbd0 mode 2

Classes loaded (20 events):
Event: 1.155 Loading class java/lang/reflect/ParameterizedType
Event: 1.155 Loading class java/lang/reflect/ParameterizedType done
Event: 1.158 Loading class java/lang/reflect/WildcardType
Event: 1.158 Loading class java/lang/reflect/WildcardType done
Event: 1.163 Loading class sun/reflect/generics/tree/TypeVariableSignature
Event: 1.163 Loading class sun/reflect/generics/tree/TypeVariableSignature done
Event: 1.184 Loading class java/lang/annotation/IncompleteAnnotationException
Event: 1.184 Loading class java/lang/annotation/IncompleteAnnotationException done
Event: 1.245 Loading class java/lang/foreign/MemorySegment
Event: 1.245 Loading class java/lang/foreign/MemorySegment done
Event: 1.370 Loading class sun/reflect/generics/reflectiveObjects/TypeVariableImpl
Event: 1.370 Loading class sun/reflect/generics/reflectiveObjects/LazyReflectiveObjectGenerator
Event: 1.370 Loading class sun/reflect/generics/reflectiveObjects/LazyReflectiveObjectGenerator done
Event: 1.370 Loading class sun/reflect/generics/reflectiveObjects/TypeVariableImpl done
Event: 1.371 Loading class sun/reflect/generics/reflectiveObjects/ParameterizedTypeImpl
Event: 1.371 Loading class sun/reflect/generics/reflectiveObjects/ParameterizedTypeImpl done
Event: 1.433 Loading class jdk/internal/foreign/MemorySessionImpl
Event: 1.434 Loading class java/lang/foreign/MemorySegment$Scope
Event: 1.434 Loading class java/lang/foreign/MemorySegment$Scope done
Event: 1.434 Loading class jdk/internal/foreign/MemorySessionImpl done

Classes unloaded (0 events):
No events

Classes redefined (0 events):
No events

Internal exceptions (20 events):
Event: 0.453 Thread 0x000001f2e2f10b80 Exception <a 'java/lang/NullPointerException'{0x00000007119aa208}> (0x00000007119aa208) 
thrown [s\src\hotspot\share\interpreter\linkResolver.cpp, line 1416]
Event: 0.453 Thread 0x000001f2e2f10b80 Exception <a 'java/lang/NullPointerException'{0x00000007119aa4e8}> (0x00000007119aa4e8) 
thrown [s\src\hotspot\share\interpreter\linkResolver.cpp, line 1416]
Event: 0.453 Thread 0x000001f2e2f10b80 Exception <a 'java/lang/NullPointerException'{0x00000007119aa7c8}> (0x00000007119aa7c8) 
thrown [s\src\hotspot\share\interpreter\linkResolver.cpp, line 1416]
Event: 0.456 Thread 0x000001f2e2f10b80 Exception <a 'java/lang/NullPointerException'{0x0000000711602580}> (0x0000000711602580) 
thrown [s\src\hotspot\share\interpreter\linkResolver.cpp, line 1416]
Event: 0.458 Thread 0x000001f2e2f10b80 Exception <a 'java/lang/NullPointerException'{0x0000000711615808}> (0x0000000711615808) 
thrown [s\src\hotspot\share\interpreter\linkResolver.cpp, line 1416]
Event: 0.458 Thread 0x000001f2e2f10b80 Exception <a 'java/lang/NullPointerException'{0x0000000711615ae8}> (0x0000000711615ae8) 
thrown [s\src\hotspot\share\interpreter\linkResolver.cpp, line 1416]
Event: 0.458 Thread 0x000001f2e2f10b80 Exception <a 'java/lang/NullPointerException'{0x0000000711615dc8}> (0x0000000711615dc8) 
thrown [s\src\hotspot\share\interpreter\linkResolver.cpp, line 1416]
Event: 0.458 Thread 0x000001f2e2f10b80 Exception <a 'java/lang/NullPointerException'{0x00000007116160a8}> (0x00000007116160a8) 
thrown [s\src\hotspot\share\interpreter\linkResolver.cpp, line 1416]
Event: 0.494 Thread 0x000001f2e2f10b80 Exception <a 'java/lang/NoSuchMethodError'{0x000000071167e428}: 'void java.lang.invoke.DirectMethodHandle$Holder.invokeVirtual(java.lang.Object, java.lang.Object)'> (0x000000071167e428) 
thrown [s\src\hotspot\share\interpreter\linkResolver.cpp, line 804]
Event: 0.497 Thread 0x000001f2e2f10b80 Exception <a 'java/lang/NoSuchMethodError'{0x00000007116a1d28}: 'void java.lang.invoke.DirectMethodHandle$Holder.invokeStatic(java.lang.Object, java.lang.Object)'> (0x00000007116a1d28) 
thrown [s\src\hotspot\share\interpreter\linkResolver.cpp, line 804]
Event: 0.498 Thread 0x000001f2e2f10b80 Exception <a 'java/lang/NoSuchMethodError'{0x00000007116a9ad0}: 'void java.lang.invoke.DirectMethodHandle$Holder.invokeStaticInit(java.lang.Object, java.lang.Object)'> (0x00000007116a9ad0) 
thrown [s\src\hotspot\share\interpreter\linkResolver.cpp, line 804]
Event: 0.518 Thread 0x000001f2e2f10b80 Exception <a 'java/lang/NoSuchMethodError'{0x0000000711707760}: 'void java.lang.invoke.DirectMethodHandle$Holder.invokeStatic(java.lang.Object, java.lang.Object, java.lang.Object)'> (0x0000000711707760) 
thrown [s\src\hotspot\share\interpreter\linkResolver.cpp, line 804]
Event: 0.622 Thread 0x000001f2e2f10b80 Exception <a 'java/lang/NoSuchMethodError'{0x00000007114c6b70}: 'java.lang.Object java.lang.invoke.DirectMethodHandle$Holder.invokeSpecialIFC(java.lang.Object, java.lang.Object, java.lang.Object, java.lang.Object)'> (0x00000007114c6b70) 
thrown [s\src\hotspot\share\interpreter\linkResolver.cpp, line 804]
Event: 0.942 Thread 0x000001f2e2f10b80 Exception <a 'java/lang/NoSuchMethodError'{0x0000000710ee5850}: 'void java.lang.invoke.DirectMethodHandle$Holder.invokeSpecial(java.lang.Object, java.lang.Object, java.lang.Object)'> (0x0000000710ee5850) 
thrown [s\src\hotspot\share\interpreter\linkResolver.cpp, line 804]
Event: 0.999 Thread 0x000001f2e2f10b80 Exception <a 'java/lang/NoSuchMethodError'{0x0000000710c397a0}: 'java.lang.Object java.lang.invoke.DirectMethodHandle$Holder.invokeInterface(java.lang.Object, java.lang.Object)'> (0x0000000710c397a0) 
thrown [s\src\hotspot\share\interpreter\linkResolver.cpp, line 804]
Event: 1.028 Thread 0x000001f2e2f10b80 Exception <a 'java/lang/NoSuchMethodError'{0x0000000710d03018}: 'int java.lang.invoke.DirectMethodHandle$Holder.invokeStatic(java.lang.Object, java.lang.Object, java.lang.Object, java.lang.Object)'> (0x0000000710d03018) 
thrown [s\src\hotspot\share\interpreter\linkResolver.cpp, line 804]
Event: 1.035 Thread 0x000001f2e2f10b80 Exception <a 'java/lang/NoSuchMethodError'{0x0000000710d2d270}: 'int java.lang.invoke.DirectMethodHandle$Holder.invokeSpecialIFC(java.lang.Object, java.lang.Object, java.lang.Object, java.lang.Object, java.lang.Object)'> (0x0000000710d2d270) 
thrown [s\src\hotspot\share\interpreter\linkResolver.cpp, line 804]
Event: 1.121 Thread 0x000001f2e2f10b80 Exception <a 'java/lang/NoSuchMethodError'{0x0000000710b4d5f0}: 'java.lang.Object java.lang.invoke.DirectMethodHandle$Holder.newInvokeSpecial(java.lang.Object, java.lang.Object, java.lang.Object, java.lang.Object, java.lang.Object)'> (0x0000000710b4d5f0) 
thrown [s\src\hotspot\share\interpreter\linkResolver.cpp, line 804]
Event: 1.173 Thread 0x000001f2e2f10b80 Exception <a 'java/lang/NoSuchMethodError'{0x000000071088fa70}: 'int java.lang.invoke.DirectMethodHandle$Holder.invokeStaticInit(java.lang.Object, java.lang.Object)'> (0x000000071088fa70) 
thrown [s\src\hotspot\share\interpreter\linkResolver.cpp, line 804]
Event: 1.184 Thread 0x000001f2e2f10b80 Exception <a 'java/lang/NoClassDefFoundError'{0x00000007108d1598}: javax/enterprise/inject/Typed> (0x00000007108d1598) 
thrown [s\src\hotspot\share\classfile\systemDictionary.cpp, line 317]

VM Operations (8 events):
Event: 0.081 Executing non-safepoint VM operation: HandshakeAllThreads (Deoptimize)
Event: 0.081 Executing non-safepoint VM operation: HandshakeAllThreads (Deoptimize) done
Event: 0.424 Executing non-safepoint VM operation: HandshakeAllThreads (Deoptimize)
Event: 0.424 Executing non-safepoint VM operation: HandshakeAllThreads (Deoptimize) done
Event: 0.458 Executing non-safepoint VM operation: HandshakeAllThreads (Deoptimize)
Event: 0.458 Executing non-safepoint VM operation: HandshakeAllThreads (Deoptimize) done
Event: 1.376 Executing safepoint VM operation: G1CollectForAllocation (G1 Evacuation Pause)
Event: 1.385 Executing safepoint VM operation: G1CollectForAllocation (G1 Evacuation Pause) done

Memory protections (0 events):
No events

Nmethod flushes (0 events):
No events

Events (14 events):
Event: 0.030 Thread 0x000001f2e2f10b80 Thread added: 0x000001f2e2f10b80
Event: 0.045 Thread 0x000001f2e2f10b80 Thread added: 0x000001f2840cdb60
Event: 0.045 Thread 0x000001f2e2f10b80 Thread added: 0x000001f2840ce870
Event: 0.045 Thread 0x000001f2e2f10b80 Thread added: 0x000001f2840d3460
Event: 0.045 Thread 0x000001f2e2f10b80 Thread added: 0x000001f2840d4020
Event: 0.045 Thread 0x000001f2e2f10b80 Thread added: 0x000001f2840d5380
Event: 0.045 Thread 0x000001f2e2f10b80 Thread added: 0x000001f2840fac20
Event: 0.046 Thread 0x000001f2e2f10b80 Thread added: 0x000001f2840fff10
Event: 0.046 Thread 0x000001f2e2f10b80 Thread added: 0x000001f284100b20
Event: 0.061 Thread 0x000001f2e2f10b80 Thread added: 0x000001f28426cfd0
Event: 0.064 Thread 0x000001f2e2f10b80 Thread added: 0x000001f284279bd0
Event: 0.125 Thread 0x000001f2840fff10 Thread added: 0x000001f2842a24e0
Event: 0.431 Thread 0x000001f2e2f10b80 Thread added: 0x000001f284890e00
Event: 0.461 Thread 0x000001f284890e00 Thread exited: 0x000001f284890e00


Dynamic libraries:
0x00007ff622d20000 - 0x00007ff622d2e000 	C:\Program Files\Eclipse Adoptium\jdk-25.0.3.9-hotspot\bin\java.exe
0x00007ffcbd1b0000 - 0x00007ffcbd3a8000 	C:\Windows\SYSTEM32\ntdll.dll
0x00007ffcbd0a0000 - 0x00007ffcbd162000 	C:\Windows\System32\KERNEL32.DLL
0x00007ffcba840000 - 0x00007ffcbab36000 	C:\Windows\System32\KERNELBASE.dll
0x00007ffcbaf80000 - 0x00007ffcbb080000 	C:\Windows\System32\ucrtbase.dll
0x00007ffca37d0000 - 0x00007ffca37ee000 	C:\Program Files\Eclipse Adoptium\jdk-25.0.3.9-hotspot\bin\VCRUNTIME140.dll
0x00007ffc8c030000 - 0x00007ffc8c046000 	C:\Program Files\Eclipse Adoptium\jdk-25.0.3.9-hotspot\bin\jli.dll
0x00007ffcbca40000 - 0x00007ffcbcbe1000 	C:\Windows\System32\USER32.dll
0x00007ffcbab40000 - 0x00007ffcbab62000 	C:\Windows\System32\win32u.dll
0x00007ffca4900000 - 0x00007ffca4b9b000 	C:\Windows\WinSxS\amd64_microsoft.windows.common-controls_6595b64144ccf1df_6.0.19041.6456_none_60b8a6cb71f64256\COMCTL32.dll
0x00007ffcbbb40000 - 0x00007ffcbbb6b000 	C:\Windows\System32\GDI32.dll
0x00007ffcbce20000 - 0x00007ffcbcebe000 	C:\Windows\System32\msvcrt.dll
0x00007ffcbab70000 - 0x00007ffcbac89000 	C:\Windows\System32\gdi32full.dll
0x00007ffcbb130000 - 0x00007ffcbb1cd000 	C:\Windows\System32\msvcp_win.dll
0x00007ffcbba20000 - 0x00007ffcbba4f000 	C:\Windows\System32\IMM32.DLL
0x00007ffcb3f50000 - 0x00007ffcb3f5c000 	C:\Program Files\Eclipse Adoptium\jdk-25.0.3.9-hotspot\bin\vcruntime140_1.dll
0x00007ffc8bc90000 - 0x00007ffc8bd1d000 	C:\Program Files\Eclipse Adoptium\jdk-25.0.3.9-hotspot\bin\msvcp140.dll
0x00007ffbf7d30000 - 0x00007ffbf8c5a000 	C:\Program Files\Eclipse Adoptium\jdk-25.0.3.9-hotspot\bin\server\jvm.dll
0x00007ffcbcf20000 - 0x00007ffcbcfd1000 	C:\Windows\System32\ADVAPI32.dll
0x00007ffcbbd30000 - 0x00007ffcbbdcf000 	C:\Windows\System32\sechost.dll
0x00007ffcbbe30000 - 0x00007ffcbbf50000 	C:\Windows\System32\RPCRT4.dll
0x00007ffcbae70000 - 0x00007ffcbae97000 	C:\Windows\System32\bcrypt.dll
0x00007ffcbcd10000 - 0x00007ffcbcd7b000 	C:\Windows\System32\WS2_32.dll
0x00007ffcba6a0000 - 0x00007ffcba6eb000 	C:\Windows\SYSTEM32\POWRPROF.dll
0x00007ffca1720000 - 0x00007ffca1747000 	C:\Windows\SYSTEM32\WINMM.dll
0x00007ffcae960000 - 0x00007ffcae96a000 	C:\Windows\SYSTEM32\VERSION.dll
0x00007ffcba5d0000 - 0x00007ffcba5e2000 	C:\Windows\SYSTEM32\UMPDC.dll
0x00007ffcb9050000 - 0x00007ffcb9062000 	C:\Windows\SYSTEM32\kernel.appcore.dll
0x00007ffcacdd0000 - 0x00007ffcacdda000 	C:\Program Files\Eclipse Adoptium\jdk-25.0.3.9-hotspot\bin\jimage.dll
0x00007ffcb7680000 - 0x00007ffcb7881000 	C:\Windows\SYSTEM32\DBGHELP.DLL
0x00007ffc9ee20000 - 0x00007ffc9ee54000 	C:\Windows\SYSTEM32\dbgcore.DLL
0x00007ffcbaea0000 - 0x00007ffcbaf22000 	C:\Windows\System32\bcryptPrimitives.dll
0x00007ffc8c010000 - 0x00007ffc8c02e000 	C:\Program Files\Eclipse Adoptium\jdk-25.0.3.9-hotspot\bin\java.dll
0x00007ffcbc830000 - 0x00007ffcbc95b000 	C:\Windows\System32\ole32.dll
0x00007ffcbc060000 - 0x00007ffcbc3b4000 	C:\Windows\System32\combase.dll
0x00007ffcbb2b0000 - 0x00007ffcbba20000 	C:\Windows\System32\SHELL32.dll
0x00007ffcb8880000 - 0x00007ffcb9025000 	C:\Windows\SYSTEM32\windows.storage.dll
0x00007ffcba190000 - 0x00007ffcba1bb000 	C:\Windows\SYSTEM32\Wldp.dll
0x00007ffcbc960000 - 0x00007ffcbca2d000 	C:\Windows\System32\OLEAUT32.dll
0x00007ffcbbf50000 - 0x00007ffcbbffd000 	C:\Windows\System32\SHCORE.dll
0x00007ffcbba50000 - 0x00007ffcbbaab000 	C:\Windows\System32\shlwapi.dll
0x00007ffcba770000 - 0x00007ffcba794000 	C:\Windows\SYSTEM32\profapi.dll
0x00007ffc8bff0000 - 0x00007ffc8c001000 	C:\Program Files\Eclipse Adoptium\jdk-25.0.3.9-hotspot\bin\net.dll
0x00007ffcb9ef0000 - 0x00007ffcb9f5a000 	C:\Windows\system32\mswsock.dll
0x00007ffc8bfd0000 - 0x00007ffc8bfe6000 	C:\Program Files\Eclipse Adoptium\jdk-25.0.3.9-hotspot\bin\nio.dll
0x00007ffc8bef0000 - 0x00007ffc8bf06000 	C:\Program Files\Eclipse Adoptium\jdk-25.0.3.9-hotspot\bin\zip.dll
0x00007ffc8bec0000 - 0x00007ffc8bee4000 	C:\Users\Ibrahim\.m2\wrapper\dists\apache-maven-3.9.16\0daed3be3ebd1c706f0e69e8b07c6b73f5cc4ea3dfce72a8d0ec2e849ca2ddb0\lib\jansi-native\Windows\x86_64\jansi.dll
0x00007ffca2b20000 - 0x00007ffca2b30000 	C:\Program Files\Eclipse Adoptium\jdk-25.0.3.9-hotspot\bin\verify.dll

JVMTI agents: none

dbghelp: loaded successfully - version: 4.0.5 - missing functions: none
symbol engine: initialized successfully - sym options: 0x614 - pdb path: .;C:\Program Files\Eclipse Adoptium\jdk-25.0.3.9-hotspot\bin;C:\Windows\SYSTEM32;C:\Windows\WinSxS\amd64_microsoft.windows.common-controls_6595b64144ccf1df_6.0.19041.6456_none_60b8a6cb71f64256;C:\Program Files\Eclipse Adoptium\jdk-25.0.3.9-hotspot\bin\server;C:\Users\Ibrahim\.m2\wrapper\dists\apache-maven-3.9.16\0daed3be3ebd1c706f0e69e8b07c6b73f5cc4ea3dfce72a8d0ec2e849ca2ddb0\lib\jansi-native\Windows\x86_64

VM Arguments:
jvm_args: --enable-native-access=ALL-UNNAMED -Dclassworlds.conf=C:\Users\Ibrahim\.m2\wrapper\dists\apache-maven-3.9.16\0daed3be3ebd1c706f0e69e8b07c6b73f5cc4ea3dfce72a8d0ec2e849ca2ddb0\bin\m2.conf -Dmaven.home=C:\Users\Ibrahim\.m2\wrapper\dists\apache-maven-3.9.16\0daed3be3ebd1c706f0e69e8b07c6b73f5cc4ea3dfce72a8d0ec2e849ca2ddb0 -Dlibrary.jansi.path=C:\Users\Ibrahim\.m2\wrapper\dists\apache-maven-3.9.16\0daed3be3ebd1c706f0e69e8b07c6b73f5cc4ea3dfce72a8d0ec2e849ca2ddb0\lib\jansi-native -Dmaven.multiModuleProjectDirectory=C:\Users\Ibrahim\Desktop\java projects\inventory-management 
java_command: org.codehaus.plexus.classworlds.launcher.Launcher spring-boot:run
java_class_path (initial): C:\Users\Ibrahim\.m2\wrapper\dists\apache-maven-3.9.16\0daed3be3ebd1c706f0e69e8b07c6b73f5cc4ea3dfce72a8d0ec2e849ca2ddb0\boot\plexus-classworlds-2.11.0.jar
Launcher Type: SUN_STANDARD

[Global flags]
     intx CICompilerCount                          = 3                                         {product} {ergonomic}
     uint ConcGCThreads                            = 1                                         {product} {ergonomic}
     uint G1ConcRefinementThreads                  = 4                                         {product} {ergonomic}
   size_t G1HeapRegionSize                         = 2097152                                   {product} {ergonomic}
   size_t InitialHeapSize                          = 268435456                                 {product} {ergonomic}
   size_t MarkStackSize                            = 4194304                                   {product} {ergonomic}
   size_t MarkStackSizeMax                         = 536870912                                 {product} {ergonomic}
   size_t MaxHeapSize                              = 4263510016                                {product} {ergonomic}
   size_t MaxNewSize                               = 2556428288                                {product} {ergonomic}
   size_t MinHeapDeltaBytes                        = 2097152                                   {product} {ergonomic}
   size_t MinHeapSize                              = 8388608                                   {product} {ergonomic}
    uintx NonNMethodCodeHeapSize                   = 5898240                                {pd product} {ergonomic}
    uintx NonProfiledCodeHeapSize                  = 122945536                              {pd product} {ergonomic}
    uintx ProfiledCodeHeapSize                     = 122945536                              {pd product} {ergonomic}
    uintx ReservedCodeCacheSize                    = 251789312                              {pd product} {ergonomic}
     bool SegmentedCodeCache                       = true                                      {product} {ergonomic}
   size_t SoftMaxHeapSize                          = 4263510016                             {manageable} {ergonomic}
     bool UseCompressedOops                        = true                           {product lp64_product} {ergonomic}
     bool UseG1GC                                  = true                                      {product} {ergonomic}
     bool UseLargePagesIndividualAllocation        = false                                  {pd product} {ergonomic}

Logging:
Log output configuration:
 #0: stdout all=warning uptime,level,tags foldmultilines=false
 #1: stderr all=off uptime,level,tags foldmultilines=false

Release file:
IMPLEMENTOR="Eclipse Adoptium" 
IMPLEMENTOR_VERSION="Temurin-25.0.3+9" 
JAVA_RUNTIME_VERSION="25.0.3+9-LTS" 
JAVA_VERSION="25.0.3" 
JAVA_VERSION_DATE="2026-04-21" 
LIBC="default" 
MODULES="java.base java.compiler java.datatransfer java.xml java.prefs java.desktop java.instrument java.logging java.management java.security.sasl java.naming java.rmi java.management.rmi java.net.http java.scripting java.security.jgss java.transaction.xa java.sql java.sql.rowset java.xml.crypto java.se java.smartcardio jdk.accessibility jdk.internal.jvmstat jdk.attach jdk.charsets jdk.internal.opt jdk.zipfs jdk.compiler jdk.crypto.cryptoki jdk.crypto.ec jdk.crypto.mscapi jdk.dynalink jdk.internal.ed jdk.editpad jdk.internal.vm.ci jdk.graal.compiler jdk.graal.compiler.management jdk.hotspot.agent jdk.httpserver jdk.incubator.vector jdk.internal.le jdk.internal.md jdk.jartool jdk.javadoc jdk.jcmd jdk.management jdk.management.agent jdk.jconsole jdk.jdeps jdk.jdwp.agent jdk.jdi jdk.jfr jdk.jlink jdk.jpackage jdk.jshell jdk.jsobject jdk.jstatd jdk.localedata jdk.management.jfr jdk.naming.dns jdk.naming.rmi jdk.net jdk.nio.mapmode jdk.sctp jdk.security.auth jdk.security.jgss jdk.unsupported jdk.unsupported.desktop jdk.xml.dom" 
OS_ARCH="x86_64" 
OS_NAME="Windows" 
SOURCE=".:git:cda0a1776184" 
BUILD_SOURCE="git:a612825ee82a20ac872d60958c349854c1f29a8e"
BUILD_SOURCE_REPO="https://github.com/adoptium/temurin-build.git"
SOURCE_REPO="https://github.com/adoptium/jdk25u.git"
FULL_VERSION="25.0.3+9-LTS"
SEMANTIC_VERSION="25.0.3+9"
BUILD_INFO="OS: Windows Server 2022 Version: 10.0"
JVM_VARIANT="Hotspot"
JVM_VERSION="25.0.3+9-LTS"
IMAGE_TYPE="JDK"

Environment Variables:
JAVA_HOME=C:\Program Files\Eclipse Adoptium\jdk-25.0.3.9-hotspot
PATH=C:\Program Files\Eclipse Adoptium\jdk-25.0.3.9-hotspot\bin;C:\Program Files\Eclipse Adoptium\jdk-25.0.3.9-hotspot\bin;C:\Windows\system32;C:\Windows;C:\Windows\System32\Wbem;C:\Windows\System32\WindowsPowerShell\v1.0\;C:\Windows\System32\OpenSSH\;C:\Program Files\nodejs\;C:\Program Files\Git\cmd;C:\Users\Ibrahim\AppData\Local\Microsoft\WindowsApps;C:\Users\Ibrahim\AppData\Roaming\npm;C:\Users\Ibrahim\Downloads\IntelliJ IDEA 2026.2\bin
USERNAME=Ibrahim
OS=Windows_NT
PROCESSOR_IDENTIFIER=Intel64 Family 6 Model 78 Stepping 3, GenuineIntel
TMP=C:\Users\Ibrahim\AppData\Local\Temp
TEMP=C:\Users\Ibrahim\AppData\Local\Temp




Compilation memory statistics disabled.

Periodic native trim disabled

---------------  S Y S T E M  ---------------

OS:
 Windows 10 , 64 bit Build 19041 (10.0.19041.5915)
OS uptime: 6 days 2:48 hours

CPU: total 4 (initial active 4) (2 cores per cpu, 2 threads per core) family 6 model 78 stepping 3 microcode 0xf0, cx8, cmov, fxsr, ht, mmx, 3dnowpref, sse, sse2, sse3, ssse3, sse4.1, sse4.2, popcnt, lzcnt, tsc, tscinvbit, avx, avx2, aes, erms, clmul, bmi1, bmi2, rtm, adx, fma, vzeroupper, clflush, clflushopt, rdtscp, f16c
Processor Information for the first 4 processors :
  Max Mhz: 2496, Current Mhz: 2396, Mhz Limit: 2396

Memory: 4k page, system-wide physical 16263M (2549M free)
TotalPageFile size 22235M (AvailPageFile size 8M)
current process WorkingSet (physical memory assigned to process): 98M, peak: 98M
current process commit charge ("private bytes"): 361M, peak: 368M

vm_info: OpenJDK 64-Bit Server VM (25.0.3+9-LTS) for windows-amd64 JRE (25.0.3+9-LTS), built on 2026-04-21T00:00:00Z with MS VC++ 17.12 (VS2022)

END.
